// Jest Snapshot v1, https://goo.gl/fbAQLP

exports[`Donations Form it matches the snapshot 1`] = `
<form>
  <label>
    Amount
  </label>
  <input
    id="amount"
    placeholder="amount"
    type="text"
  />
  <input
    id="passphrase"
    placeholder="rhinounicorn"
    type="text"
  />
  <input
    id="submit_form"
    type="submit"
    value="Submit"
  />
</form>
`;
