// Jest Snapshot v1, https://goo.gl/fbAQLP

exports[`Sign up it Matches the snapshot 1`] = `
<div>
  <form
    onSubmit={[Function]}
  >
    <label>
      Venue Name
    </label>
    <input
      id="venuename"
      placeholder="Crisis Cafe"
      required={true}
      type="text"
    />
    <label>
      Venue Address
    </label>
    <input
      id="venueaddress"
      placeholder="10 Commercial Street"
      required={true}
      type="text"
    />
    <label>
      Email
    </label>
    <input
      id="venueEmail"
      placeholder="venue@gmail.com"
      required={true}
      type="email"
    />
    <label>
      Password
    </label>
    <input
      id="password"
      minLength="6"
      placeholder="qwe123"
      required={true}
      type="password"
    />
    <input
      className="submitForm action_button"
      id="submit_form"
      type="submit"
      value="Submit"
    />
  </form>
</div>
`;
